// Jest Snapshot v1, https://goo.gl/fbAQLP

exports[`Resume component renders 1`] = `
<DocumentFragment>
  <section>
    <div
      class="Resume"
      id="resume"
    >
      <h2>
        Resume
      </h2>
      <p>
        My resume will be shared as a link to my LinkedIn acccount.
      </p>
      <p>
        <a
          href="https://www.linkedin.com/in/miriam-santana-126aa6105/"
        >
          LinkedIn Resume
        </a>
      </p>
    </div>
  </section>
</DocumentFragment>
`;
